     1                                  ; Function for doubling the elements in the array
     2                                  section .data
     3                                  
     4                                  section .bss
     5                                  
     6                                  section .text
     7                                  global aDouble
     8                                      aDouble:
     9                                          section .text
    10 00000000 4889F1                              mov rcx, rsi
    11 00000003 4889FB                              mov rbx, rdi
    12 00000006 41BC00000000                        mov r12, 0
    13                                              
    14                                              aLoop:
    15 0000000C F2420F1004E3                            movsd xmm0, qword [rbx + r12 * 8]
    16 00000012 F20F58C0                                addsd xmm0, xmm0
    17 00000016 F2420F1104E3                            movsd qword [rbx + r12 * 8], xmm0
    18 0000001C 49FFC4                                  inc r12
    19 0000001F E2EB                                    loop aLoop
    20                                              
    21 00000021 C3                                  ret
